// Jest Snapshot v1, https://goo.gl/fbAQLP

exports[`T140 parse single 1`] = `
Object {
  "pages": Array [
    Object {
      "class": "acknowledgement",
      "cycle": 3,
      "date": "2023-12-21",
      "member": 33400,
      "run": "2023-12-21",
    },
    Object {
      "class": "notification file",
      "cycle": 3,
      "date": "2023-12-21",
      "file": "001/231221/00000004882/03402",
      "run": "2023-12-21",
    },
    Object {
      "class": "notification summary",
      "content": Array [
        Object {
          "brand": "MCC",
          "currency": "GBP",
          "data": Array [
            Object {
              "amount": 0.73,
              "direction": "original",
              "fee": -0.02,
              "file": "001/231221/00000004882/03402",
              "id": 900,
            },
          ],
          "level": "mbr-to-mbr agreement",
          "member": 33400,
          "total": Object {
            "amount": 0.73,
            "fee": -0.02,
          },
        },
      ],
      "cycle": 3,
      "date": "2023-12-21",
      "run": "2023-12-21",
    },
  ],
}
`;
